❯ Building...
✔ Building...
Prerendered 0 static routes.
Application bundle generation failed. [16.389 seconds] - 2026-08-14T04:35:32.775Z

[33m▲ [43;33m[[43;30mWARNING[43;33m][0m [1mNG8113: Toast is not used within the template of ProviderProfileComponent[0m [1m[35m[plugin angular-compiler][0m

    src/app/core/features/roles/provider/profile/provider-profile.component.ts:71:50:
[37m      71 │   imports: [ReactiveFormsModule, LoaderComponent, [32mToast[37m, NgClass],
         ╵                                                   [32m~~~~~[0m


[31mX [41;31m[[41;97mERROR[41;31m][0m [1mTS2339: Property 'loadDashboard' does not exist on type 'ClientDashboardComponent'.[0m [1m[35m[plugin angular-compiler][0m

    src/app/core/features/roles/client/dashboard/client-dashboard.component.html:12:15:
[37m      12 │       (click)="[32mloadDashboard[37m()"
         ╵                [32m~~~~~~~~~~~~~[0m

  Error occurs in the template of component ClientDashboardComponent.

    src/app/core/features/roles/client/dashboard/client-dashboard.component.ts:34:15:
[37m      34 │   templateUrl: [32m'./client-dashboard.component.html'[37m,
         ╵                [32m~~~~~~~~~~~~~~~~~~~~~~~~~~~~~~~~~~~[0m


[31mX [41;31m[[41;97mERROR[41;31m][0m [1mTS2339: Property 'formatDate' does not exist on type 'ClientDashboardComponent'.[0m [1m[35m[plugin angular-compiler][0m

    src/app/core/features/roles/client/dashboard/client-dashboard.component.html:92:23:
[37m      92 │                     {{ [32mformatDate[37m(booking.date) }} • {{ booking....
         ╵                        [32m~~~~~~~~~~[0m

  Error occurs in the template of component ClientDashboardComponent.

    src/app/core/features/roles/client/dashboard/client-dashboard.component.ts:34:15:
[37m      34 │   templateUrl: [32m'./client-dashboard.component.html'[37m,
         ╵                [32m~~~~~~~~~~~~~~~~~~~~~~~~~~~~~~~~~~~[0m


[31mX [41;31m[[41;97mERROR[41;31m][0m [1mTS2339: Property 'statusBadgeClass' does not exist on type 'ClientDashboardComponent'.[0m [1m[35m[plugin angular-compiler][0m

    src/app/core/features/roles/client/dashboard/client-dashboard.component.html:96:80:
[37m      96 │ ...2.5 py-1 text-xs font-bold {{ [32mstatusBadgeClass[37m(booking.status) }}"
         ╵                                  [32m~~~~~~~~~~~~~~~~[0m

  Error occurs in the template of component ClientDashboardComponent.

    src/app/core/features/roles/client/dashboard/client-dashboard.component.ts:34:15:
[37m      34 │   templateUrl: [32m'./client-dashboard.component.html'[37m,
         ╵                [32m~~~~~~~~~~~~~~~~~~~~~~~~~~~~~~~~~~~[0m


[31mX [41;31m[[41;97mERROR[41;31m][0m [1mTS2339: Property 'statusLabel' does not exist on type 'ClientDashboardComponent'.[0m [1m[35m[plugin angular-compiler][0m

    src/app/core/features/roles/client/dashboard/client-dashboard.component.html:98:21:
[37m      98 │                   {{ [32mstatusLabel[37m(booking.status) }}
         ╵                      [32m~~~~~~~~~~~[0m

  Error occurs in the template of component ClientDashboardComponent.

    src/app/core/features/roles/client/dashboard/client-dashboard.component.ts:34:15:
[37m      34 │   templateUrl: [32m'./client-dashboard.component.html'[37m,
         ╵                [32m~~~~~~~~~~~~~~~~~~~~~~~~~~~~~~~~~~~[0m


[31mX [41;31m[[41;97mERROR[41;31m][0m [1mTS2339: Property 'statusBadgeClass' does not exist on type 'ClientDashboardComponent'.[0m [1m[35m[plugin angular-compiler][0m

    src/app/core/features/roles/client/dashboard/client-dashboard.component.html:138:80:
[37m      138 │ ....5 py-1 text-xs font-bold {{ [32mstatusBadgeClass[37m(booking.status) }}"
          ╵                                 [32m~~~~~~~~~~~~~~~~[0m

  Error occurs in the template of component ClientDashboardComponent.

    src/app/core/features/roles/client/dashboard/client-dashboard.component.ts:34:15:
[37m      34 │   templateUrl: [32m'./client-dashboard.component.html'[37m,
         ╵                [32m~~~~~~~~~~~~~~~~~~~~~~~~~~~~~~~~~~~[0m


[31mX [41;31m[[41;97mERROR[41;31m][0m [1mTS2339: Property 'statusLabel' does not exist on type 'ClientDashboardComponent'.[0m [1m[35m[plugin angular-compiler][0m

    src/app/core/features/roles/client/dashboard/client-dashboard.component.html:140:21:
[37m      140 │                   {{ [32mstatusLabel[37m(booking.status) }}
          ╵                      [32m~~~~~~~~~~~[0m

  Error occurs in the template of component ClientDashboardComponent.

    src/app/core/features/roles/client/dashboard/client-dashboard.component.ts:34:15:
[37m      34 │   templateUrl: [32m'./client-dashboard.component.html'[37m,
         ╵                [32m~~~~~~~~~~~~~~~~~~~~~~~~~~~~~~~~~~~[0m


[31mX [41;31m[[41;97mERROR[41;31m][0m [1mTS2420: Class 'ClientDashboardComponent' incorrectly implements interface 'OnInit'.
  Property 'ngOnInit' is missing in type 'ClientDashboardComponent' but required in type 'OnInit'.[0m [1m[35m[plugin angular-compiler][0m

    src/app/core/features/roles/client/dashboard/client-dashboard.component.ts:37:13:
[37m      37 │ export class [32mClientDashboardComponent[37m implements OnInit {
         ╵              [32m~~~~~~~~~~~~~~~~~~~~~~~~[0m

  'ngOnInit' is declared here.

    node_modules/@angular/core/types/core.d.ts:3186:4:
[37m      3186 │     [32mngOnInit(): void;[37m
           ╵     [32m~~~~~~~~~~~~~~~~~[0m


[31mX [41;31m[[41;97mERROR[41;31m][0m [1mTS2339: Property 'sortKey' does not exist on type 'ClientDashboardComponent'.[0m [1m[35m[plugin angular-compiler][0m

    src/app/core/features/roles/client/dashboard/client-dashboard.component.ts:56:27:
[37m      56 │       .sort((a, b) => this.[32msortKey[37m(a).localeCompare(this.sortKey(b...
         ╵                            [32m~~~~~~~[0m


[31mX [41;31m[[41;97mERROR[41;31m][0m [1mTS2339: Property 'sortKey' does not exist on type 'ClientDashboardComponent'.[0m [1m[35m[plugin angular-compiler][0m

    src/app/core/features/roles/client/dashboard/client-dashboard.component.ts:56:57:
[37m      56 │ ...  .sort((a, b) => this.sortKey(a).localeCompare(this.[32msortKey[37m(b)));
         ╵                                                         [32m~~~~~~~[0m


[31mX [41;31m[[41;97mERROR[41;31m][0m [1mTS1005: ',' expected.[0m [1m[35m[plugin angular-compiler][0m

    src/app/core/features/roles/client/dashboard/client-dashboard.component.ts:106:2:
[37m      106 │   [32mloadDashboard[37m(): void {
          ╵   [32m~~~~~~~~~~~~~[0m


[31mX [41;31m[[41;97mERROR[41;31m][0m [1mTS2304: Cannot find name 'loadDashboard'.[0m [1m[35m[plugin angular-compiler][0m

    src/app/core/features/roles/client/dashboard/client-dashboard.component.ts:106:2:
[37m      106 │   [32mloadDashboard[37m(): void {
          ╵   [32m~~~~~~~~~~~~~[0m


[31mX [41;31m[[41;97mERROR[41;31m][0m [1mTS1005: ',' expected.[0m [1m[35m[plugin angular-compiler][0m

    src/app/core/features/roles/client/dashboard/client-dashboard.component.ts:106:17:
[37m      106 │   loadDashboard()[32m:[37m void {
          ╵                  [32m^[0m


[31mX [41;31m[[41;97mERROR[41;31m][0m [1mTS2554: Expected 1-2 arguments, but got 3.[0m [1m[35m[plugin angular-compiler][0m

    src/app/core/features/roles/client/dashboard/client-dashboard.component.ts:106:19:
[37m      106 │   loadDashboard(): [32mvoid {[37m
          ╵                    [32m~~~~~~[0m


[31mX [41;31m[[41;97mERROR[41;31m][0m [1mTS1005: ':' expected.[0m [1m[35m[plugin angular-compiler][0m

    src/app/core/features/roles/client/dashboard/client-dashboard.component.ts:107:8:
[37m      107 │     this[32m.[37misLoading.set(true);
          ╵         [32m^[0m


[31mX [41;31m[[41;97mERROR[41;31m][0m [1mTS1005: ',' expected.[0m [1m[35m[plugin angular-compiler][0m

    src/app/core/features/roles/client/dashboard/client-dashboard.component.ts:107:28:
[37m      107 │     this.isLoading.set(true)[32m;[37m
          ╵                             [32m^[0m


[31mX [41;31m[[41;97mERROR[41;31m][0m [1mTS1005: ':' expected.[0m [1m[35m[plugin angular-compiler][0m

    src/app/core/features/roles/client/dashboard/client-dashboard.component.ts:108:8:
[37m      108 │     this[32m.[37mhasError.set(false);
          ╵         [32m^[0m


[31mX [41;31m[[41;97mERROR[41;31m][0m [1mTS1005: ',' expected.[0m [1m[35m[plugin angular-compiler][0m

    src/app/core/features/roles/client/dashboard/client-dashboard.component.ts:108:28:
[37m      108 │     this.hasError.set(false)[32m;[37m
          ╵                             [32m^[0m


[31mX [41;31m[[41;97mERROR[41;31m][0m [1mTS2300: Duplicate identifier '(Missing)'.[0m [1m[35m[plugin angular-compiler][0m

    src/app/core/features/roles/client/dashboard/client-dashboard.component.ts:111:9:
[37m      111 │       me:[32m[37m this.userService.getMe(),
          ╵          [32m^[0m


[31mX [41;31m[[41;97mERROR[41;31m][0m [1mTS2842: '(Missing)' is an unused renaming of 'me'. Did you intend to use it as a type annotation?[0m [1m[35m[plugin angular-compiler][0m

    src/app/core/features/roles/client/dashboard/client-dashboard.component.ts:111:9:
[37m      111 │       me:[32m[37m this.userService.getMe(),
          ╵          [32m^[0m

  We can only write a type for 'me' by adding a type for the entire parameter here.

    src/app/core/features/roles/client/dashboard/client-dashboard.component.ts:111:14:
[37m      111 │       me: this[32m[37m.userService.getMe(),
          ╵               [32m^[0m


[31mX [41;31m[[41;97mERROR[41;31m][0m [1mTS7031: Binding element '(Missing)' implicitly has an 'any' type.[0m [1m[35m[plugin angular-compiler][0m

    src/app/core/features/roles/client/dashboard/client-dashboard.component.ts:111:9:
[37m      111 │       me:[32m[37m this.userService.getMe(),
          ╵          [32m^[0m


[31mX [41;31m[[41;97mERROR[41;31m][0m [1mTS1359: Identifier expected. 'this' is a reserved word that cannot be used here.[0m [1m[35m[plugin angular-compiler][0m

    src/app/core/features/roles/client/dashboard/client-dashboard.component.ts:111:10:
[37m      111 │       me: [32mthis[37m.userService.getMe(),
          ╵           [32m~~~~[0m


[31mX [41;31m[[41;97mERROR[41;31m][0m [1mTS1005: ':' expected.[0m [1m[35m[plugin angular-compiler][0m

    src/app/core/features/roles/client/dashboard/client-dashboard.component.ts:111:14:
[37m      111 │       me: this[32m.[37muserService.getMe(),
          ╵               [32m^[0m


[31mX [41;31m[[41;97mERROR[41;31m][0m [1mTS2300: Duplicate identifier '(Missing)'.[0m [1m[35m[plugin angular-compiler][0m

    src/app/core/features/roles/client/dashboard/client-dashboard.component.ts:111:14:
[37m      111 │       me: this[32m[37m.userService.getMe(),
          ╵               [32m^[0m


[31mX [41;31m[[41;97mERROR[41;31m][0m [1mTS2842: '(Missing)' is an unused renaming of 'this'. Did you intend to use it as a type annotation?[0m [1m[35m[plugin angular-compiler][0m

    src/app/core/features/roles/client/dashboard/client-dashboard.component.ts:111:14:
[37m      111 │       me: this[32m[37m.userService.getMe(),
          ╵               [32m^[0m

  We can only write a type for 'this' by adding a type for the entire parameter here.

    src/app/core/features/roles/client/dashboard/client-dashboard.component.ts:111:14:
[37m      111 │       me: this[32m[37m.userService.getMe(),
          ╵               [32m^[0m


[31mX [41;31m[[41;97mERROR[41;31m][0m [1mTS7031: Binding element '(Missing)' implicitly has an 'any' type.[0m [1m[35m[plugin angular-compiler][0m

    src/app/core/features/roles/client/dashboard/client-dashboard.component.ts:111:14:
[37m      111 │       me: this[32m[37m.userService.getMe(),
          ╵               [32m^[0m


[31mX [41;31m[[41;97mERROR[41;31m][0m [1mTS2339: Property 'pipe' does not exist on type 'Signal<ClientKpiCard[]>'.[0m [1m[35m[plugin angular-compiler][0m

    src/app/core/features/roles/client/dashboard/client-dashboard.component.ts:115:7:
[37m      115 │       .[32mpipe[37m(
          ╵        [32m~~~~[0m


[31mX [41;31m[[41;97mERROR[41;31m][0m [1mTS7006: Parameter 'res' implicitly has an 'any' type.[0m [1m[35m[plugin angular-compiler][0m

    src/app/core/features/roles/client/dashboard/client-dashboard.component.ts:120:15:
[37m      120 │         next: ([32mres[37m) => {
          ╵                [32m~~~[0m


[31mX [41;31m[[41;97mERROR[41;31m][0m [1mTS7006: Parameter 'error' implicitly has an 'any' type.[0m [1m[35m[plugin angular-compiler][0m

    src/app/core/features/roles/client/dashboard/client-dashboard.component.ts:131:16:
[37m      131 │         error: ([32merror[37m) => {
          ╵                 [32m~~~~~[0m


[31mX [41;31m[[41;97mERROR[41;31m][0m [1mTS2304: Cannot find name 'statusLabel'.[0m [1m[35m[plugin angular-compiler][0m

    src/app/core/features/roles/client/dashboard/client-dashboard.component.ts:143:2:
[37m      143 │   [32mstatusLabel[37m(status: BookingStatus | string): string {
          ╵   [32m~~~~~~~~~~~[0m


[31mX [41;31m[[41;97mERROR[41;31m][0m [1mTS1005: ',' expected.[0m [1m[35m[plugin angular-compiler][0m

    src/app/core/features/roles/client/dashboard/client-dashboard.component.ts:143:20:
[37m      143 │   statusLabel(status[32m:[37m BookingStatus | string): string {
          ╵                     [32m^[0m


[31mX [41;31m[[41;97mERROR[41;31m][0m [1mTS2693: 'BookingStatus' only refers to a type, but is being used as a value here.[0m [1m[35m[plugin angular-compiler][0m

    src/app/core/features/roles/client/dashboard/client-dashboard.component.ts:143:22:
[37m      143 │   statusLabel(status: [32mBookingStatus[37m | string): string {
          ╵                       [32m~~~~~~~~~~~~~[0m


[31mX [41;31m[[41;97mERROR[41;31m][0m [1mTS2693: 'string' only refers to a type, but is being used as a value here.[0m [1m[35m[plugin angular-compiler][0m

    src/app/core/features/roles/client/dashboard/client-dashboard.component.ts:143:38:
[37m      143 │   statusLabel(status: BookingStatus | [32mstring[37m): string {
          ╵                                       [32m~~~~~~[0m


[31mX [41;31m[[41;97mERROR[41;31m][0m [1mTS1005: ';' expected.[0m [1m[35m[plugin angular-compiler][0m

    src/app/core/features/roles/client/dashboard/client-dashboard.component.ts:143:45:
[37m      143 │   statusLabel(status: BookingStatus | string)[32m:[37m string {
          ╵                                              [32m^[0m


[31mX [41;31m[[41;97mERROR[41;31m][0m [1mTS1434: Unexpected keyword or identifier.[0m [1m[35m[plugin angular-compiler][0m

    src/app/core/features/roles/client/dashboard/client-dashboard.component.ts:143:47:
[37m      143 │   statusLabel(status: BookingStatus | string): [32mstring[37m {
          ╵                                                [32m~~~~~~[0m


[31mX [41;31m[[41;97mERROR[41;31m][0m [1mTS2693: 'string' only refers to a type, but is being used as a value here.[0m [1m[35m[plugin angular-compiler][0m

    src/app/core/features/roles/client/dashboard/client-dashboard.component.ts:143:47:
[37m      143 │   statusLabel(status: BookingStatus | string): [32mstring[37m {
          ╵                                                [32m~~~~~~[0m


[31mX [41;31m[[41;97mERROR[41;31m][0m [1mTS2304: Cannot find name 'statusBadgeClass'.[0m [1m[35m[plugin angular-compiler][0m

    src/app/core/features/roles/client/dashboard/client-dashboard.component.ts:160:2:
[37m      160 │   [32mstatusBadgeClass[37m(status: BookingStatus | string): string {
          ╵   [32m~~~~~~~~~~~~~~~~[0m


[31mX [41;31m[[41;97mERROR[41;31m][0m [1mTS1005: ',' expected.[0m [1m[35m[plugin angular-compiler][0m

    src/app/core/features/roles/client/dashboard/client-dashboard.component.ts:160:25:
[37m      160 │   statusBadgeClass(status[32m:[37m BookingStatus | string): string {
          ╵                          [32m^[0m


[31mX [41;31m[[41;97mERROR[41;31m][0m [1mTS2693: 'BookingStatus' only refers to a type, but is being used as a value here.[0m [1m[35m[plugin angular-compiler][0m

    src/app/core/features/roles/client/dashboard/client-dashboard.component.ts:160:27:
[37m      160 │   statusBadgeClass(status: [32mBookingStatus[37m | string): string {
          ╵                            [32m~~~~~~~~~~~~~[0m


[31mX [41;31m[[41;97mERROR[41;31m][0m [1mTS2693: 'string' only refers to a type, but is being used as a value here.[0m [1m[35m[plugin angular-compiler][0m

    src/app/core/features/roles/client/dashboard/client-dashboard.component.ts:160:43:
[37m      160 │   statusBadgeClass(status: BookingStatus | [32mstring[37m): string {
          ╵                                            [32m~~~~~~[0m


[31mX [41;31m[[41;97mERROR[41;31m][0m [1mTS1005: ';' expected.[0m [1m[35m[plugin angular-compiler][0m

    src/app/core/features/roles/client/dashboard/client-dashboard.component.ts:160:50:
[37m      160 │   statusBadgeClass(status: BookingStatus | string)[32m:[37m string {
          ╵                                                   [32m^[0m


[31mX [41;31m[[41;97mERROR[41;31m][0m [1mTS1434: Unexpected keyword or identifier.[0m [1m[35m[plugin angular-compiler][0m

    src/app/core/features/roles/client/dashboard/client-dashboard.component.ts:160:52:
[37m      160 │   statusBadgeClass(status: BookingStatus | string): [32mstring[37m {
          ╵                                                     [32m~~~~~~[0m


[31mX [41;31m[[41;97mERROR[41;31m][0m [1mTS2693: 'string' only refers to a type, but is being used as a value here.[0m [1m[35m[plugin angular-compiler][0m

    src/app/core/features/roles/client/dashboard/client-dashboard.component.ts:160:52:
[37m      160 │   statusBadgeClass(status: BookingStatus | string): [32mstring[37m {
          ╵                                                     [32m~~~~~~[0m


[31mX [41;31m[[41;97mERROR[41;31m][0m [1mTS2552: Cannot find name 'formatDate'. Did you mean 'FormData'?[0m [1m[35m[plugin angular-compiler][0m

    src/app/core/features/roles/client/dashboard/client-dashboard.component.ts:178:2:
[37m      178 │   [32mformatDate[37m(date: string): string {
          ╵   [32m~~~~~~~~~~[0m

  'FormData' is declared here.

    node_modules/typescript/lib/lib.dom.d.ts:15080:12:
[37m      15080 │ declare var [32mFormData[37m: {
            ╵             [32m~~~~~~~~[0m


[31mX [41;31m[[41;97mERROR[41;31m][0m [1mTS2552: Cannot find name 'date'. Did you mean 'Date'?[0m [1m[35m[plugin angular-compiler][0m

    src/app/core/features/roles/client/dashboard/client-dashboard.component.ts:178:13:
[37m      178 │   formatDate([32mdate[37m: string): string {
          ╵              [32m~~~~[0m

  'Date' is declared here.

    node_modules/typescript/lib/lib.es5.d.ts:959:12:
[37m      959 │ declare var [32mDate[37m: DateConstructor;
          ╵             [32m~~~~[0m


[31mX [41;31m[[41;97mERROR[41;31m][0m [1mTS1005: ',' expected.[0m [1m[35m[plugin angular-compiler][0m

    src/app/core/features/roles/client/dashboard/client-dashboard.component.ts:178:17:
[37m      178 │   formatDate(date[32m:[37m string): string {
          ╵                  [32m^[0m


[31mX [41;31m[[41;97mERROR[41;31m][0m [1mTS2693: 'string' only refers to a type, but is being used as a value here.[0m [1m[35m[plugin angular-compiler][0m

    src/app/core/features/roles/client/dashboard/client-dashboard.component.ts:178:19:
[37m      178 │   formatDate(date: [32mstring[37m): string {
          ╵                    [32m~~~~~~[0m


[31mX [41;31m[[41;97mERROR[41;31m][0m [1mTS1005: ';' expected.[0m [1m[35m[plugin angular-compiler][0m

    src/app/core/features/roles/client/dashboard/client-dashboard.component.ts:178:26:
[37m      178 │   formatDate(date: string)[32m:[37m string {
          ╵                           [32m^[0m


[31mX [41;31m[[41;97mERROR[41;31m][0m [1mTS1434: Unexpected keyword or identifier.[0m [1m[35m[plugin angular-compiler][0m

    src/app/core/features/roles/client/dashboard/client-dashboard.component.ts:178:28:
[37m      178 │   formatDate(date: string): [32mstring[37m {
          ╵                             [32m~~~~~~[0m


[31mX [41;31m[[41;97mERROR[41;31m][0m [1mTS2693: 'string' only refers to a type, but is being used as a value here.[0m [1m[35m[plugin angular-compiler][0m

    src/app/core/features/roles/client/dashboard/client-dashboard.component.ts:178:28:
[37m      178 │   formatDate(date: string): [32mstring[37m {
          ╵                             [32m~~~~~~[0m


[31mX [41;31m[[41;97mERROR[41;31m][0m [1mTS2552: Cannot find name 'date'. Did you mean 'Date'?[0m [1m[35m[plugin angular-compiler][0m

    src/app/core/features/roles/client/dashboard/client-dashboard.component.ts:179:9:
[37m      179 │     if (![32mdate[37m) return '—';
          ╵          [32m~~~~[0m

  'Date' is declared here.

    node_modules/typescript/lib/lib.es5.d.ts:959:12:
[37m      959 │ declare var [32mDate[37m: DateConstructor;
          ╵             [32m~~~~[0m


[31mX [41;31m[[41;97mERROR[41;31m][0m [1mTS2552: Cannot find name 'date'. Did you mean 'Date'?[0m [1m[35m[plugin angular-compiler][0m

    src/app/core/features/roles/client/dashboard/client-dashboard.component.ts:180:23:
[37m      180 │     const d = new Date([32mdate[37m);
          ╵                        [32m~~~~[0m

  'Date' is declared here.

    node_modules/typescript/lib/lib.es5.d.ts:959:12:
[37m      959 │ declare var [32mDate[37m: DateConstructor;
          ╵             [32m~~~~[0m


[31mX [41;31m[[41;97mERROR[41;31m][0m [1mTS1128: Declaration or statement expected.[0m [1m[35m[plugin angular-compiler][0m

    src/app/core/features/roles/client/dashboard/client-dashboard.component.ts:191:2:
[37m      191 │   [32mprivate[37m sortKey(b: IClientBooking): string {
          ╵   [32m~~~~~~~[0m


[31mX [41;31m[[41;97mERROR[41;31m][0m [1mTS2304: Cannot find name 'sortKey'.[0m [1m[35m[plugin angular-compiler][0m

    src/app/core/features/roles/client/dashboard/client-dashboard.component.ts:191:10:
[37m      191 │   private [32msortKey[37m(b: IClientBooking): string {
          ╵           [32m~~~~~~~[0m


[31mX [41;31m[[41;97mERROR[41;31m][0m [1mTS2304: Cannot find name 'b'.[0m [1m[35m[plugin angular-compiler][0m

    src/app/core/features/roles/client/dashboard/client-dashboard.component.ts:191:18:
[37m      191 │   private sortKey([32mb[37m: IClientBooking): string {
          ╵                   [32m^[0m


[31mX [41;31m[[41;97mERROR[41;31m][0m [1mTS1005: ',' expected.[0m [1m[35m[plugin angular-compiler][0m

    src/app/core/features/roles/client/dashboard/client-dashboard.component.ts:191:19:
[37m      191 │   private sortKey(b[32m:[37m IClientBooking): string {
          ╵                    [32m^[0m


[31mX [41;31m[[41;97mERROR[41;31m][0m [1mTS2693: 'IClientBooking' only refers to a type, but is being used as a value here.[0m [1m[35m[plugin angular-compiler][0m

    src/app/core/features/roles/client/dashboard/client-dashboard.component.ts:191:21:
[37m      191 │   private sortKey(b: [32mIClientBooking[37m): string {
          ╵                      [32m~~~~~~~~~~~~~~[0m


[31mX [41;31m[[41;97mERROR[41;31m][0m [1mTS1005: ';' expected.[0m [1m[35m[plugin angular-compiler][0m

    src/app/core/features/roles/client/dashboard/client-dashboard.component.ts:191:36:
[37m      191 │   private sortKey(b: IClientBooking)[32m:[37m string {
          ╵                                     [32m^[0m


[31mX [41;31m[[41;97mERROR[41;31m][0m [1mTS1434: Unexpected keyword or identifier.[0m [1m[35m[plugin angular-compiler][0m

    src/app/core/features/roles/client/dashboard/client-dashboard.component.ts:191:38:
[37m      191 │   private sortKey(b: IClientBooking): [32mstring[37m {
          ╵                                       [32m~~~~~~[0m


[31mX [41;31m[[41;97mERROR[41;31m][0m [1mTS2693: 'string' only refers to a type, but is being used as a value here.[0m [1m[35m[plugin angular-compiler][0m

    src/app/core/features/roles/client/dashboard/client-dashboard.component.ts:191:38:
[37m      191 │   private sortKey(b: IClientBooking): [32mstring[37m {
          ╵                                       [32m~~~~~~[0m


[31mX [41;31m[[41;97mERROR[41;31m][0m [1mTS1128: Declaration or statement expected.[0m [1m[35m[plugin angular-compiler][0m

    src/app/core/features/roles/client/dashboard/client-dashboard.component.ts:194:0:
[37m      194 │ [32m}[37m
          ╵ [32m^[0m


[31mX [41;31m[[41;97mERROR[41;31m][0m [1mUnexpected "."[0m

    src/app/core/features/roles/client/dashboard/client-dashboard.component.ts:267:14:
[37m      267 │         this: [32m.[37misLoading.set(true),
          ╵               [32m^[0m


[31mX [41;31m[[41;97mERROR[41;31m][0m [1mUnexpected "."[0m

    src/app/core/features/roles/client/dashboard/client-dashboard.component.ts:267:14:
[37m      267 │         this: [32m.[37misLoading.set(true),
          ╵               [32m^[0m


